{"componentChunkName":"component---src-templates-city-jsx","path":"/browse/golden/","result":{"data":{"events":{"totalCount":0,"edges":[]},"venues":{"totalCount":0,"edges":[]}},"pageContext":{"city":"Golden","today":"2022-03-11T00:39:45.350Z","dateFormat":"MM/DD/YYYY"}},"staticQueryHashes":[]}